// Jest Snapshot v1, https://goo.gl/fbAQLP

exports[`Pruebas sobre el componente <Indecision /> Debe coincidir con el snapshot 1`] = `
<!-- v-baind: -> : -->
<!--v-if-->
<div class="bg-dark"></div>
<div class="indecision-container"><input type="text" placeholder="Hazme una pregunta">
  <p>Recuerda termina con un signo de interrogaci√≥n (?)</p>
  <!--v-if-->
</div>
`;
